>array[a]
#^^^^^ source.data-weave variable.other.dw
#     ^ source.data-weave meta.selector.data-weave
#      ^ source.data-weave meta.selector.data-weave variable.other.dw
#       ^ source.data-weave meta.selector.data-weave