>input x application/json
#^^^^^ source.data-weave meta.directive.ns.dw storage.type.dw
#     ^ source.data-weave meta.directive.ns.dw
#      ^ source.data-weave meta.directive.ns.dw entity.name.variable.dw
#       ^ source.data-weave meta.directive.ns.dw
#        ^ source.data-weave meta.directive.ns.dw string.mime.dw
#         ^ source.data-weave meta.directive.ns.dw string.mime.dw
#          ^ source.data-weave meta.directive.ns.dw string.mime.dw
#           ^ source.data-weave meta.directive.ns.dw string.mime.dw
#            ^ source.data-weave meta.directive.ns.dw string.mime.dw
#             ^ source.data-weave meta.directive.ns.dw string.mime.dw
#              ^ source.data-weave meta.directive.ns.dw string.mime.dw
#               ^ source.data-weave meta.directive.ns.dw string.mime.dw
#                ^ source.data-weave meta.directive.ns.dw string.mime.dw
#                 ^ source.data-weave meta.directive.ns.dw string.mime.dw
#                  ^ source.data-weave meta.directive.ns.dw string.mime.dw
#                   ^ source.data-weave meta.directive.ns.dw string.mime.dw
#                    ^ source.data-weave meta.directive.ns.dw string.mime.dw
#                     ^ source.data-weave meta.directive.ns.dw string.mime.dw
#                      ^ source.data-weave meta.directive.ns.dw string.mime.dw
#                       ^ source.data-weave meta.directive.ns.dw string.mime.dw
>output application/json
#^^^^^^ source.data-weave meta.directive.ns.dw storage.type.dw
#      ^ source.data-weave meta.directive.ns.dw
#       ^^^^^^^^^^^^^^^^ source.data-weave meta.directive.ns.dw string.other.dw
>ns ns0 http://asdasdasd
#^^ source.data-weave meta.directive.ns.dw storage.type.dw
#  ^ source.data-weave meta.directive.ns.dw
#   ^^^ source.data-weave meta.directive.ns.dw entity.name.namespace.dw
#      ^ source.data-weave meta.directive.ns.dw
#       ^^^^^^^^^^^^^^^^ source.data-weave meta.directive.ns.dw meta.definition.ns.dw string.url.dw
>var x = a map b map c var
#^^^ source.data-weave meta.directive.var.dw storage.type.dw
#   ^ source.data-weave meta.directive.var.dw
#    ^ source.data-weave meta.directive.var.dw entity.name.variable.dw
#     ^ source.data-weave meta.directive.var.dw
#      ^ source.data-weave meta.directive.var.dw keyword.operator.assignment.dw
#       ^ source.data-weave
#        ^ source.data-weave variable.other.dw
#         ^^^^^ source.data-weave support.function.dw
#              ^ source.data-weave variable.other.dw
#               ^^^^^ source.data-weave support.function.dw
#                    ^ source.data-weave variable.other.dw
#                     ^ source.data-weave
#                      ^^^ source.data-weave invalid
>fun b(a) = a map b map c
#^^^ source.data-weave meta.directive.fun.dw storage.type.dw
#   ^ source.data-weave meta.directive.fun.dw
#    ^ source.data-weave meta.directive.fun.dw entity.name.function.dw
#     ^ source.data-weave meta.directive.fun.dw
#      ^ source.data-weave meta.directive.fun.dw variable.parameter.dw
#       ^ source.data-weave meta.directive.fun.dw
#        ^ source.data-weave meta.directive.fun.dw
#         ^ source.data-weave meta.directive.fun.dw keyword.operator.assignment.dw
#          ^ source.data-weave
#           ^ source.data-weave variable.other.dw
#            ^^^^^ source.data-weave support.function.dw
#                 ^ source.data-weave variable.other.dw
#                  ^^^^^ source.data-weave support.function.dw
#                       ^ source.data-weave variable.other.dw
>var x = 1
#^^^ source.data-weave meta.directive.var.dw storage.type.dw
#   ^ source.data-weave meta.directive.var.dw
#    ^ source.data-weave meta.directive.var.dw entity.name.variable.dw
#     ^ source.data-weave meta.directive.var.dw
#      ^ source.data-weave meta.directive.var.dw keyword.operator.assignment.dw
#       ^ source.data-weave
#        ^ source.data-weave constant.numeric.dw
>
>fun printPassCapable(item) =
#^^^ source.data-weave meta.directive.fun.dw storage.type.dw
#   ^ source.data-weave meta.directive.fun.dw
#    ^^^^^^^^^^^^^^^^ source.data-weave meta.directive.fun.dw entity.name.function.dw
#                    ^ source.data-weave meta.directive.fun.dw
#                     ^^^^ source.data-weave meta.directive.fun.dw variable.parameter.dw
#                         ^ source.data-weave meta.directive.fun.dw
#                          ^ source.data-weave meta.directive.fun.dw
#                           ^ source.data-weave meta.directive.fun.dw keyword.operator.assignment.dw
>  using(msg = aa)
#^^ source.data-weave
#  ^^^^^ source.data-weave using-statement.expr.dw keyword.control.using.dw
#       ^ source.data-weave using-statement.expr.dw punctuation.definitions.begin.dw
#        ^^^ source.data-weave using-statement.expr.dw entity.name.variable.dw
#           ^^ source.data-weave using-statement.expr.dw keyword.operator.dw
#             ^ source.data-weave using-statement.expr.dw
#              ^^ source.data-weave using-statement.expr.dw variable.other.dw
#                ^ source.data-weave using-statement.expr.dw punctuation.definitions.end.dw
>    item
#^^^^ source.data-weave
#    ^^^^ source.data-weave variable.other.dw
>
>fun printPassCapable(item) =
#^^^ source.data-weave meta.directive.fun.dw storage.type.dw
#   ^ source.data-weave meta.directive.fun.dw
#    ^^^^^^^^^^^^^^^^ source.data-weave meta.directive.fun.dw entity.name.function.dw
#                    ^ source.data-weave meta.directive.fun.dw
#                     ^^^^ source.data-weave meta.directive.fun.dw variable.parameter.dw
#                         ^ source.data-weave meta.directive.fun.dw
#                          ^ source.data-weave meta.directive.fun.dw
#                           ^ source.data-weave meta.directive.fun.dw keyword.operator.assignment.dw
>  using(msg = println(1 map 3))
#^^ source.data-weave
#  ^^^^^ source.data-weave using-statement.expr.dw keyword.control.using.dw
#       ^ source.data-weave using-statement.expr.dw punctuation.definitions.begin.dw
#        ^^^ source.data-weave using-statement.expr.dw entity.name.variable.dw
#           ^^ source.data-weave using-statement.expr.dw keyword.operator.dw
#             ^ source.data-weave using-statement.expr.dw
#              ^^^^^^^ source.data-weave using-statement.expr.dw variable.other.dw
#                     ^ source.data-weave using-statement.expr.dw punctuation.expression.begin.dw
#                      ^ source.data-weave using-statement.expr.dw constant.numeric.dw
#                       ^^^^^ source.data-weave using-statement.expr.dw support.function.dw
#                            ^ source.data-weave using-statement.expr.dw constant.numeric.dw
#                             ^ source.data-weave using-statement.expr.dw punctuation.expression.end.dw
#                              ^ source.data-weave using-statement.expr.dw punctuation.definitions.end.dw
>    item asd dsa as Object
#^^^^ source.data-weave
#    ^^^^ source.data-weave variable.other.dw
#        ^^^^^ source.data-weave support.function.dw
#             ^^^ source.data-weave variable.other.dw
#                ^ source.data-weave
#                 ^^ source.data-weave keyword.control.as.dw
#                   ^ source.data-weave
#                    ^^^^^^ source.data-weave support.class.dw
>
>---
#^^^ source.data-weave keyword.operator.body-marker.dw
>[
#^ source.data-weave meta.array.literal.dw meta.brace.square.dw
>	1 aa bb       cc dd ee ff,
#^ source.data-weave meta.array.literal.dw
# ^ source.data-weave meta.array.literal.dw constant.numeric.dw
#  ^^^^ source.data-weave meta.array.literal.dw support.function.dw
#      ^^ source.data-weave meta.array.literal.dw variable.other.dw
#        ^^^^^^^^^^ source.data-weave meta.array.literal.dw support.function.dw
#                  ^^ source.data-weave meta.array.literal.dw variable.other.dw
#                    ^^^^ source.data-weave meta.array.literal.dw support.function.dw
#                        ^^ source.data-weave meta.array.literal.dw variable.other.dw
#                          ^ source.data-weave meta.array.literal.dw punctuation.separator.comma.dw
> null aa false    cc {},
#^ source.data-weave meta.array.literal.dw
# ^^^^ source.data-weave meta.array.literal.dw constant.language.dw
#     ^^^^ source.data-weave meta.array.literal.dw support.function.dw
#         ^^^^^ source.data-weave meta.array.literal.dw constant.language.dw
#              ^^^^^^^ source.data-weave meta.array.literal.dw support.function.dw
#                     ^ source.data-weave meta.array.literal.dw meta.objectliteral.dw punctuation.definition.block.dw
#                      ^ source.data-weave meta.array.literal.dw meta.objectliteral.dw punctuation.definition.block.dw
#                       ^ source.data-weave meta.array.literal.dw punctuation.separator.comma.dw
>	x aa not true cc 13
#^ source.data-weave meta.array.literal.dw
# ^ source.data-weave meta.array.literal.dw variable.other.dw
#  ^^^^ source.data-weave meta.array.literal.dw support.function.dw
#      ^^^^ source.data-weave meta.array.literal.dw keyword.other.dw
#          ^^^^ source.data-weave meta.array.literal.dw constant.language.dw
#              ^^^^ source.data-weave meta.array.literal.dw support.function.dw
#                  ^^ source.data-weave meta.array.literal.dw constant.numeric.dw
>	x aa not cc dd ee ff,
#^ source.data-weave meta.array.literal.dw
# ^ source.data-weave meta.array.literal.dw variable.other.dw
#  ^^^^ source.data-weave meta.array.literal.dw support.function.dw
#      ^^^^ source.data-weave meta.array.literal.dw keyword.other.dw
#          ^^ source.data-weave meta.array.literal.dw variable.other.dw
#            ^^^^ source.data-weave meta.array.literal.dw support.function.dw
#                ^^ source.data-weave meta.array.literal.dw variable.other.dw
#                  ^ source.data-weave meta.array.literal.dw
#                   ^^ source.data-weave meta.array.literal.dw variable.other.dw
#                     ^ source.data-weave meta.array.literal.dw punctuation.separator.comma.dw
>	ainput map $$,
#^ source.data-weave meta.array.literal.dw
# ^^^^^^ source.data-weave meta.array.literal.dw variable.other.dw
#       ^^^^^ source.data-weave meta.array.literal.dw support.function.dw
#            ^^ source.data-weave meta.array.literal.dw variable.parameter.dw
#              ^ source.data-weave meta.array.literal.dw punctuation.separator.comma.dw
>	"" map $ reduce xx,
#^ source.data-weave meta.array.literal.dw
# ^ source.data-weave meta.array.literal.dw string.quoted.double.dw punctuation.definition.string.begin.dw
#  ^ source.data-weave meta.array.literal.dw string.quoted.double.dw punctuation.definition.string.end.dw
#   ^^^^^ source.data-weave meta.array.literal.dw support.function.dw
#        ^ source.data-weave meta.array.literal.dw variable.parameter.dw
#         ^^^^^^^^ source.data-weave meta.array.literal.dw support.function.dw
#                 ^^ source.data-weave meta.array.literal.dw variable.other.dw
#                   ^ source.data-weave meta.array.literal.dw punctuation.separator.comma.dw
>	(dsa map x),
#^ source.data-weave meta.array.literal.dw
# ^ source.data-weave meta.array.literal.dw punctuation.expression.begin.dw
#  ^^^ source.data-weave meta.array.literal.dw variable.other.dw
#     ^^^^^ source.data-weave meta.array.literal.dw support.function.dw
#          ^ source.data-weave meta.array.literal.dw variable.other.dw
#           ^ source.data-weave meta.array.literal.dw punctuation.expression.end.dw
#            ^ source.data-weave meta.array.literal.dw punctuation.separator.comma.dw
>	+map map map,
#^ source.data-weave meta.array.literal.dw
# ^ source.data-weave meta.array.literal.dw keyword.operator.arithmetic.dw
#  ^^^ source.data-weave meta.array.literal.dw variable.other.dw
#     ^^^^^ source.data-weave meta.array.literal.dw support.function.dw
#          ^^^ source.data-weave meta.array.literal.dw variable.other.dw
#             ^ source.data-weave meta.array.literal.dw punctuation.separator.comma.dw
>	using(x = y map b),
#^ source.data-weave meta.array.literal.dw
# ^^^^^ source.data-weave meta.array.literal.dw using-statement.expr.dw keyword.control.using.dw
#      ^ source.data-weave meta.array.literal.dw using-statement.expr.dw punctuation.definitions.begin.dw
#       ^ source.data-weave meta.array.literal.dw using-statement.expr.dw entity.name.variable.dw
#        ^^ source.data-weave meta.array.literal.dw using-statement.expr.dw keyword.operator.dw
#          ^ source.data-weave meta.array.literal.dw using-statement.expr.dw
#           ^ source.data-weave meta.array.literal.dw using-statement.expr.dw variable.other.dw
#            ^^^^^ source.data-weave meta.array.literal.dw using-statement.expr.dw support.function.dw
#                 ^ source.data-weave meta.array.literal.dw using-statement.expr.dw variable.other.dw
#                  ^ source.data-weave meta.array.literal.dw using-statement.expr.dw punctuation.definitions.end.dw
#                   ^ source.data-weave meta.array.literal.dw punctuation.separator.comma.dw
>	{bb#x: t map 2}, var,
#^ source.data-weave meta.array.literal.dw
# ^ source.data-weave meta.array.literal.dw meta.objectliteral.dw punctuation.definition.block.dw
#  ^^^ source.data-weave meta.array.literal.dw meta.objectliteral.dw meta.object.member.dw meta.object-literal.namespace.dw variable.language.dw
#     ^ source.data-weave meta.array.literal.dw meta.objectliteral.dw meta.object.member.dw
#      ^ source.data-weave meta.array.literal.dw meta.objectliteral.dw meta.object.member.dw meta.object-literal.key.dw punctuation.separator.key-value.dw
#       ^ source.data-weave meta.array.literal.dw meta.objectliteral.dw meta.object.member.dw
#        ^ source.data-weave meta.array.literal.dw meta.objectliteral.dw meta.object.member.dw variable.other.dw
#         ^^^^^ source.data-weave meta.array.literal.dw meta.objectliteral.dw meta.object.member.dw support.function.dw
#              ^ source.data-weave meta.array.literal.dw meta.objectliteral.dw meta.object.member.dw constant.numeric.dw
#               ^ source.data-weave meta.array.literal.dw meta.objectliteral.dw punctuation.definition.block.dw
#                ^ source.data-weave meta.array.literal.dw punctuation.separator.comma.dw
#                 ^ source.data-weave meta.array.literal.dw
#                  ^^^ source.data-weave meta.array.literal.dw invalid
#                     ^ source.data-weave meta.array.literal.dw punctuation.separator.comma.dw
>	[t map 3, 3 map 4] map 4,
#^ source.data-weave meta.array.literal.dw
# ^ source.data-weave meta.array.literal.dw meta.array.literal.dw meta.brace.square.dw
#  ^ source.data-weave meta.array.literal.dw meta.array.literal.dw variable.other.dw
#   ^^^^^ source.data-weave meta.array.literal.dw meta.array.literal.dw support.function.dw
#        ^ source.data-weave meta.array.literal.dw meta.array.literal.dw constant.numeric.dw
#         ^ source.data-weave meta.array.literal.dw meta.array.literal.dw punctuation.separator.comma.dw
#          ^ source.data-weave meta.array.literal.dw meta.array.literal.dw
#           ^ source.data-weave meta.array.literal.dw meta.array.literal.dw constant.numeric.dw
#            ^^^^^ source.data-weave meta.array.literal.dw meta.array.literal.dw support.function.dw
#                 ^ source.data-weave meta.array.literal.dw meta.array.literal.dw constant.numeric.dw
#                  ^ source.data-weave meta.array.literal.dw meta.array.literal.dw meta.brace.square.dw
#                   ^^^^^ source.data-weave meta.array.literal.dw support.function.dw
#                        ^ source.data-weave meta.array.literal.dw constant.numeric.dw
#                         ^ source.data-weave meta.array.literal.dw punctuation.separator.comma.dw
>	do { x map 4 },
#^ source.data-weave meta.array.literal.dw
# ^^ source.data-weave meta.array.literal.dw do-statement.expr.dw keyword.control.do.dw
#   ^ source.data-weave meta.array.literal.dw do-statement.expr.dw
#    ^ source.data-weave meta.array.literal.dw do-statement.expr.dw punctuation.definitions.begin.dw
#     ^ source.data-weave meta.array.literal.dw do-statement.expr.dw
#      ^ source.data-weave meta.array.literal.dw do-statement.expr.dw variable.other.dw
#       ^^^^^ source.data-weave meta.array.literal.dw do-statement.expr.dw support.function.dw
#            ^ source.data-weave meta.array.literal.dw do-statement.expr.dw constant.numeric.dw
#             ^ source.data-weave meta.array.literal.dw do-statement.expr.dw
#              ^ source.data-weave meta.array.literal.dw do-statement.expr.dw punctuation.definitions.end.dw
#               ^ source.data-weave meta.array.literal.dw punctuation.separator.comma.dw
>	{type: a},
#^ source.data-weave meta.array.literal.dw
# ^ source.data-weave meta.array.literal.dw meta.objectliteral.dw punctuation.definition.block.dw
#  ^^^^ source.data-weave meta.array.literal.dw meta.objectliteral.dw meta.object.member.dw
#      ^ source.data-weave meta.array.literal.dw meta.objectliteral.dw meta.object.member.dw meta.object-literal.key.dw punctuation.separator.key-value.dw
#       ^ source.data-weave meta.array.literal.dw meta.objectliteral.dw meta.object.member.dw
#        ^ source.data-weave meta.array.literal.dw meta.objectliteral.dw meta.object.member.dw variable.other.dw
#         ^ source.data-weave meta.array.literal.dw meta.objectliteral.dw punctuation.definition.block.dw
#          ^ source.data-weave meta.array.literal.dw punctuation.separator.comma.dw
>	x match {
#^ source.data-weave meta.array.literal.dw
# ^ source.data-weave meta.array.literal.dw variable.other.dw
#  ^ source.data-weave meta.array.literal.dw
#   ^^^^^ source.data-weave meta.array.literal.dw match-statement.expr.dw keyword.control.switch.dw
#        ^ source.data-weave meta.array.literal.dw match-statement.expr.dw
#         ^ source.data-weave meta.array.literal.dw match-statement.expr.dw match-block.expr.dw punctuation.definition.block.dw
>	  case is Null -> 1 map 3 map
#^^^ source.data-weave meta.array.literal.dw match-statement.expr.dw match-block.expr.dw
#   ^^^^ source.data-weave meta.array.literal.dw match-statement.expr.dw match-block.expr.dw case-clause.expr.dw keyword.control.switch.dw
#       ^ source.data-weave meta.array.literal.dw match-statement.expr.dw match-block.expr.dw case-clause.expr.dw
#        ^^ source.data-weave meta.array.literal.dw match-statement.expr.dw match-block.expr.dw case-clause.expr.dw keyword.control.is.dw
#          ^ source.data-weave meta.array.literal.dw match-statement.expr.dw match-block.expr.dw case-clause.expr.dw
#           ^^^^ source.data-weave meta.array.literal.dw match-statement.expr.dw match-block.expr.dw case-clause.expr.dw support.class.dw
#               ^ source.data-weave meta.array.literal.dw match-statement.expr.dw match-block.expr.dw case-clause.expr.dw
#                ^^ source.data-weave meta.array.literal.dw match-statement.expr.dw match-block.expr.dw case-clause.expr.dw keyword.control.switch.dw
#                  ^ source.data-weave meta.array.literal.dw match-statement.expr.dw match-block.expr.dw
#                   ^ source.data-weave meta.array.literal.dw match-statement.expr.dw match-block.expr.dw constant.numeric.dw
#                    ^^^^^ source.data-weave meta.array.literal.dw match-statement.expr.dw match-block.expr.dw support.function.dw
#                         ^ source.data-weave meta.array.literal.dw match-statement.expr.dw match-block.expr.dw constant.numeric.dw
#                          ^^^^^ source.data-weave meta.array.literal.dw match-statement.expr.dw match-block.expr.dw support.function.dw
>	  case x is N -> 1
#^^^ source.data-weave meta.array.literal.dw match-statement.expr.dw match-block.expr.dw
#   ^^^^ source.data-weave meta.array.literal.dw match-statement.expr.dw match-block.expr.dw case-clause.expr.dw keyword.control.switch.dw
#       ^ source.data-weave meta.array.literal.dw match-statement.expr.dw match-block.expr.dw case-clause.expr.dw
#        ^ source.data-weave meta.array.literal.dw match-statement.expr.dw match-block.expr.dw case-clause.expr.dw variable.other.dw
#         ^ source.data-weave meta.array.literal.dw match-statement.expr.dw match-block.expr.dw case-clause.expr.dw
#          ^^ source.data-weave meta.array.literal.dw match-statement.expr.dw match-block.expr.dw case-clause.expr.dw keyword.control.is.dw
#            ^ source.data-weave meta.array.literal.dw match-statement.expr.dw match-block.expr.dw case-clause.expr.dw
#             ^ source.data-weave meta.array.literal.dw match-statement.expr.dw match-block.expr.dw case-clause.expr.dw support.class.dw
#              ^ source.data-weave meta.array.literal.dw match-statement.expr.dw match-block.expr.dw case-clause.expr.dw
#               ^^ source.data-weave meta.array.literal.dw match-statement.expr.dw match-block.expr.dw case-clause.expr.dw keyword.control.switch.dw
#                 ^ source.data-weave meta.array.literal.dw match-statement.expr.dw match-block.expr.dw
#                  ^ source.data-weave meta.array.literal.dw match-statement.expr.dw match-block.expr.dw constant.numeric.dw
>	  else -> test
#^^^ source.data-weave meta.array.literal.dw match-statement.expr.dw match-block.expr.dw
#   ^^^^ source.data-weave meta.array.literal.dw match-statement.expr.dw match-block.expr.dw case-clause.expr.dw keyword.control.switch.dw
#       ^ source.data-weave meta.array.literal.dw match-statement.expr.dw match-block.expr.dw case-clause.expr.dw
#        ^^ source.data-weave meta.array.literal.dw match-statement.expr.dw match-block.expr.dw case-clause.expr.dw keyword.control.switch.dw
#          ^ source.data-weave meta.array.literal.dw match-statement.expr.dw match-block.expr.dw
#           ^^^^ source.data-weave meta.array.literal.dw match-statement.expr.dw match-block.expr.dw variable.other.dw
>	},
#^ source.data-weave meta.array.literal.dw match-statement.expr.dw match-block.expr.dw
# ^ source.data-weave meta.array.literal.dw match-statement.expr.dw
#  ^ source.data-weave meta.array.literal.dw punctuation.separator.comma.dw
>	match,
#^ source.data-weave meta.array.literal.dw
# ^^^^^ source.data-weave meta.array.literal.dw variable.other.dw
#      ^ source.data-weave meta.array.literal.dw punctuation.separator.comma.dw
>    atrue,
#^^^^ source.data-weave meta.array.literal.dw
#    ^^^^^ source.data-weave meta.array.literal.dw variable.other.dw
#         ^ source.data-weave meta.array.literal.dw punctuation.separator.comma.dw
>    afalse,
#^^^^ source.data-weave meta.array.literal.dw
#    ^^^^^^ source.data-weave meta.array.literal.dw variable.other.dw
#          ^ source.data-weave meta.array.literal.dw punctuation.separator.comma.dw
>    {} asd {},
#^^^^ source.data-weave meta.array.literal.dw
#    ^ source.data-weave meta.array.literal.dw meta.objectliteral.dw punctuation.definition.block.dw
#     ^ source.data-weave meta.array.literal.dw meta.objectliteral.dw punctuation.definition.block.dw
#      ^^^^^ source.data-weave meta.array.literal.dw support.function.dw
#           ^ source.data-weave meta.array.literal.dw meta.objectliteral.dw punctuation.definition.block.dw
#            ^ source.data-weave meta.array.literal.dw meta.objectliteral.dw punctuation.definition.block.dw
#             ^ source.data-weave meta.array.literal.dw punctuation.separator.comma.dw
>    {} asd{},
#^^^^ source.data-weave meta.array.literal.dw
#    ^ source.data-weave meta.array.literal.dw meta.objectliteral.dw punctuation.definition.block.dw
#     ^ source.data-weave meta.array.literal.dw meta.objectliteral.dw punctuation.definition.block.dw
#      ^^^^ source.data-weave meta.array.literal.dw support.function.dw
#          ^ source.data-weave meta.array.literal.dw meta.objectliteral.dw punctuation.definition.block.dw
#           ^ source.data-weave meta.array.literal.dw meta.objectliteral.dw punctuation.definition.block.dw
#            ^ source.data-weave meta.array.literal.dw punctuation.separator.comma.dw
>    {}asd {},
#^^^^ source.data-weave meta.array.literal.dw
#    ^ source.data-weave meta.array.literal.dw meta.objectliteral.dw punctuation.definition.block.dw
#     ^ source.data-weave meta.array.literal.dw meta.objectliteral.dw punctuation.definition.block.dw
#      ^^^ source.data-weave meta.array.literal.dw variable.other.dw
#         ^ source.data-weave meta.array.literal.dw
#          ^ source.data-weave meta.array.literal.dw meta.objectliteral.dw punctuation.definition.block.dw
#           ^ source.data-weave meta.array.literal.dw meta.objectliteral.dw punctuation.definition.block.dw
#            ^ source.data-weave meta.array.literal.dw punctuation.separator.comma.dw
>    [] asd [],
#^^^^ source.data-weave meta.array.literal.dw
#    ^ source.data-weave meta.array.literal.dw meta.array.literal.dw meta.brace.square.dw
#     ^ source.data-weave meta.array.literal.dw meta.array.literal.dw meta.brace.square.dw
#      ^^^^^ source.data-weave meta.array.literal.dw support.function.dw
#           ^ source.data-weave meta.array.literal.dw meta.array.literal.dw meta.brace.square.dw
#            ^ source.data-weave meta.array.literal.dw meta.array.literal.dw meta.brace.square.dw
#             ^ source.data-weave meta.array.literal.dw punctuation.separator.comma.dw
>    [] asd[],
#^^^^ source.data-weave meta.array.literal.dw
#    ^ source.data-weave meta.array.literal.dw meta.array.literal.dw meta.brace.square.dw
#     ^ source.data-weave meta.array.literal.dw meta.array.literal.dw meta.brace.square.dw
#      ^ source.data-weave meta.array.literal.dw
#       ^^^ source.data-weave meta.array.literal.dw variable.other.dw
#          ^ source.data-weave meta.array.literal.dw meta.selector.data-weave
#           ^ source.data-weave meta.array.literal.dw meta.selector.data-weave
#            ^ source.data-weave meta.array.literal.dw punctuation.separator.comma.dw
>    []asd [],
#^^^^ source.data-weave meta.array.literal.dw
#    ^ source.data-weave meta.array.literal.dw meta.array.literal.dw meta.brace.square.dw
#     ^ source.data-weave meta.array.literal.dw meta.array.literal.dw meta.brace.square.dw
#      ^^^ source.data-weave meta.array.literal.dw variable.other.dw
#         ^ source.data-weave meta.array.literal.dw
#          ^ source.data-weave meta.array.literal.dw meta.array.literal.dw meta.brace.square.dw
#           ^ source.data-weave meta.array.literal.dw meta.array.literal.dw meta.brace.square.dw
#            ^ source.data-weave meta.array.literal.dw punctuation.separator.comma.dw
>    |12|asd|123|,
#^^^^ source.data-weave meta.array.literal.dw
#    ^ source.data-weave meta.array.literal.dw constant.numeric.dw
#     ^^ source.data-weave meta.array.literal.dw constant.numeric.dw
#       ^ source.data-weave meta.array.literal.dw constant.numeric.dw
#        ^^^ source.data-weave meta.array.literal.dw variable.other.dw
#           ^ source.data-weave meta.array.literal.dw constant.numeric.dw
#            ^^^ source.data-weave meta.array.literal.dw constant.numeric.dw
#               ^ source.data-weave meta.array.literal.dw constant.numeric.dw
#                ^ source.data-weave meta.array.literal.dw punctuation.separator.comma.dw
>    |12| asd |123|,
#^^^^ source.data-weave meta.array.literal.dw
#    ^ source.data-weave meta.array.literal.dw constant.numeric.dw
#     ^^ source.data-weave meta.array.literal.dw constant.numeric.dw
#       ^ source.data-weave meta.array.literal.dw constant.numeric.dw
#        ^^^^^ source.data-weave meta.array.literal.dw support.function.dw
#             ^ source.data-weave meta.array.literal.dw constant.numeric.dw
#              ^^^ source.data-weave meta.array.literal.dw constant.numeric.dw
#                 ^ source.data-weave meta.array.literal.dw constant.numeric.dw
#                  ^ source.data-weave meta.array.literal.dw punctuation.separator.comma.dw
>    |12| asd|123|,
#^^^^ source.data-weave meta.array.literal.dw
#    ^ source.data-weave meta.array.literal.dw constant.numeric.dw
#     ^^ source.data-weave meta.array.literal.dw constant.numeric.dw
#       ^ source.data-weave meta.array.literal.dw constant.numeric.dw
#        ^^^^ source.data-weave meta.array.literal.dw support.function.dw
#            ^ source.data-weave meta.array.literal.dw constant.numeric.dw
#             ^^^ source.data-weave meta.array.literal.dw constant.numeric.dw
#                ^ source.data-weave meta.array.literal.dw constant.numeric.dw
#                 ^ source.data-weave meta.array.literal.dw punctuation.separator.comma.dw
>    |12|asd |123|,
#^^^^ source.data-weave meta.array.literal.dw
#    ^ source.data-weave meta.array.literal.dw constant.numeric.dw
#     ^^ source.data-weave meta.array.literal.dw constant.numeric.dw
#       ^ source.data-weave meta.array.literal.dw constant.numeric.dw
#        ^^^ source.data-weave meta.array.literal.dw variable.other.dw
#           ^ source.data-weave meta.array.literal.dw
#            ^ source.data-weave meta.array.literal.dw constant.numeric.dw
#             ^^^ source.data-weave meta.array.literal.dw constant.numeric.dw
#                ^ source.data-weave meta.array.literal.dw constant.numeric.dw
#                 ^ source.data-weave meta.array.literal.dw punctuation.separator.comma.dw
>    anull,
#^^^^ source.data-weave meta.array.literal.dw
#    ^^^^^ source.data-weave meta.array.literal.dw variable.other.dw
#         ^ source.data-weave meta.array.literal.dw punctuation.separator.comma.dw
>    SQL` asd `,
#^^^^ source.data-weave meta.array.literal.dw
#    ^^^ source.data-weave meta.array.literal.dw support.function.dw
#       ^ source.data-weave meta.array.literal.dw string.template.dw punctuation.definition.string.template.begin.dw
#        ^ source.data-weave meta.array.literal.dw string.template.dw
#         ^ source.data-weave meta.array.literal.dw string.template.dw
#          ^ source.data-weave meta.array.literal.dw string.template.dw
#           ^ source.data-weave meta.array.literal.dw string.template.dw
#            ^ source.data-weave meta.array.literal.dw string.template.dw
#             ^ source.data-weave meta.array.literal.dw string.template.dw punctuation.definition.string.template.end.dw
#              ^ source.data-weave meta.array.literal.dw punctuation.separator.comma.dw
>    true,
#^^^^ source.data-weave meta.array.literal.dw
#    ^^^^ source.data-weave meta.array.literal.dw constant.language.dw
#        ^ source.data-weave meta.array.literal.dw punctuation.separator.comma.dw
>    false,
#^^^^ source.data-weave meta.array.literal.dw
#    ^^^^^ source.data-weave meta.array.literal.dw constant.language.dw
#         ^ source.data-weave meta.array.literal.dw punctuation.separator.comma.dw
>    null,
#^^^^ source.data-weave meta.array.literal.dw
#    ^^^^ source.data-weave meta.array.literal.dw constant.language.dw
#        ^ source.data-weave meta.array.literal.dw punctuation.separator.comma.dw
>    truea,
#^^^^ source.data-weave meta.array.literal.dw
#    ^^^^^ source.data-weave meta.array.literal.dw variable.other.dw
#         ^ source.data-weave meta.array.literal.dw punctuation.separator.comma.dw
>    falsea,
#^^^^ source.data-weave meta.array.literal.dw
#    ^^^^^^ source.data-weave meta.array.literal.dw variable.other.dw
#          ^ source.data-weave meta.array.literal.dw punctuation.separator.comma.dw
>    a map v,
#^^^^ source.data-weave meta.array.literal.dw
#    ^ source.data-weave meta.array.literal.dw variable.other.dw
#     ^^^^^ source.data-weave meta.array.literal.dw support.function.dw
#          ^ source.data-weave meta.array.literal.dw variable.other.dw
#           ^ source.data-weave meta.array.literal.dw punctuation.separator.comma.dw
>    nulla,
#^^^^ source.data-weave meta.array.literal.dw
#    ^^^^^ source.data-weave meta.array.literal.dw variable.other.dw
#         ^ source.data-weave meta.array.literal.dw punctuation.separator.comma.dw
>    and,
#^^^^ source.data-weave meta.array.literal.dw
#    ^^^ source.data-weave meta.array.literal.dw keyword.other.dw
#       ^ source.data-weave meta.array.literal.dw punctuation.separator.comma.dw
>    or a,
#^^^^ source.data-weave meta.array.literal.dw
#    ^^ source.data-weave meta.array.literal.dw keyword.other.dw
#      ^ source.data-weave meta.array.literal.dw
#       ^ source.data-weave meta.array.literal.dw variable.other.dw
#        ^ source.data-weave meta.array.literal.dw punctuation.separator.comma.dw
>    or,
#^^^^ source.data-weave meta.array.literal.dw
#    ^^ source.data-weave meta.array.literal.dw keyword.other.dw
#      ^ source.data-weave meta.array.literal.dw punctuation.separator.comma.dw
>    not,
#^^^^ source.data-weave meta.array.literal.dw
#    ^^^ source.data-weave meta.array.literal.dw invalid
#       ^ source.data-weave meta.array.literal.dw punctuation.separator.comma.dw
>    map,
#^^^^ source.data-weave meta.array.literal.dw
#    ^^^ source.data-weave meta.array.literal.dw variable.other.dw
#       ^ source.data-weave meta.array.literal.dw punctuation.separator.comma.dw
>a and b,
#^ source.data-weave meta.array.literal.dw variable.other.dw
# ^ source.data-weave meta.array.literal.dw
#  ^^^ source.data-weave meta.array.literal.dw keyword.other.dw
#     ^ source.data-weave meta.array.literal.dw
#      ^ source.data-weave meta.array.literal.dw variable.other.dw
#       ^ source.data-weave meta.array.literal.dw punctuation.separator.comma.dw
>a map b,
#^ source.data-weave meta.array.literal.dw variable.other.dw
# ^^^^^ source.data-weave meta.array.literal.dw support.function.dw
#      ^ source.data-weave meta.array.literal.dw variable.other.dw
#       ^ source.data-weave meta.array.literal.dw punctuation.separator.comma.dw
>	a and b,
#^ source.data-weave meta.array.literal.dw
# ^ source.data-weave meta.array.literal.dw variable.other.dw
#  ^ source.data-weave meta.array.literal.dw
#   ^^^ source.data-weave meta.array.literal.dw keyword.other.dw
#      ^ source.data-weave meta.array.literal.dw
#       ^ source.data-weave meta.array.literal.dw variable.other.dw
#        ^ source.data-weave meta.array.literal.dw punctuation.separator.comma.dw
>	a map b,
#^ source.data-weave meta.array.literal.dw
# ^ source.data-weave meta.array.literal.dw variable.other.dw
#  ^^^^^ source.data-weave meta.array.literal.dw support.function.dw
#       ^ source.data-weave meta.array.literal.dw variable.other.dw
#        ^ source.data-weave meta.array.literal.dw punctuation.separator.comma.dw
>    not x
#^^^^ source.data-weave meta.array.literal.dw
#    ^^^^ source.data-weave meta.array.literal.dw keyword.other.dw
#        ^ source.data-weave meta.array.literal.dw variable.other.dw
>]
#^ source.data-weave meta.array.literal.dw meta.brace.square.dw