>fun testParam(a) = do {
#^^^ source.data-weave meta.directive.fun.dw storage.type.dw
#   ^ source.data-weave meta.directive.fun.dw
#    ^^^^^^^^^ source.data-weave meta.directive.fun.dw entity.name.function.dw
#             ^ source.data-weave meta.directive.fun.dw
#              ^ source.data-weave meta.directive.fun.dw variable.parameter.dw
#               ^ source.data-weave meta.directive.fun.dw
#                ^ source.data-weave meta.directive.fun.dw
#                 ^ source.data-weave meta.directive.fun.dw keyword.operator.assignment.dw
#                  ^ source.data-weave
#                   ^^ source.data-weave do-statement.expr.dw keyword.control.do.dw
#                     ^ source.data-weave do-statement.expr.dw
#                      ^ source.data-weave do-statement.expr.dw punctuation.definitions.begin.dw
>  var originalA = a
#^^ source.data-weave do-statement.expr.dw meta.directive.var.dw
#  ^^^ source.data-weave do-statement.expr.dw meta.directive.var.dw storage.type.dw
#     ^ source.data-weave do-statement.expr.dw meta.directive.var.dw
#      ^^^^^^^^^ source.data-weave do-statement.expr.dw meta.directive.var.dw entity.name.variable.dw
#               ^ source.data-weave do-statement.expr.dw meta.directive.var.dw
#                ^ source.data-weave do-statement.expr.dw meta.directive.var.dw keyword.operator.assignment.dw
#                 ^ source.data-weave do-statement.expr.dw
#                  ^ source.data-weave do-statement.expr.dw variable.other.dw
>  ---
#^^ source.data-weave do-statement.expr.dw
#  ^^^ source.data-weave do-statement.expr.dw keyword.operator.body-marker.dw
>  a map $
#^^ source.data-weave do-statement.expr.dw
#  ^ source.data-weave do-statement.expr.dw variable.other.dw
#   ^^^^^ source.data-weave do-statement.expr.dw support.function.dw
#        ^ source.data-weave do-statement.expr.dw variable.parameter.dw
>}
#^ source.data-weave do-statement.expr.dw punctuation.definitions.end.dw
>---
#^^^ source.data-weave keyword.operator.body-marker.dw
>{
#^ source.data-weave meta.objectliteral.dw punctuation.definition.block.dw
>  result: do {
#^^ source.data-weave meta.objectliteral.dw
#  ^^^^^^ source.data-weave meta.objectliteral.dw meta.object.member.dw
#        ^ source.data-weave meta.objectliteral.dw meta.object.member.dw meta.object-literal.key.dw punctuation.separator.key-value.dw
#         ^ source.data-weave meta.objectliteral.dw meta.object.member.dw
#          ^^ source.data-weave meta.objectliteral.dw meta.object.member.dw do-statement.expr.dw keyword.control.do.dw
#            ^ source.data-weave meta.objectliteral.dw meta.object.member.dw do-statement.expr.dw
#             ^ source.data-weave meta.objectliteral.dw meta.object.member.dw do-statement.expr.dw punctuation.definitions.begin.dw
>    var a = 1
#^^^^ source.data-weave meta.objectliteral.dw meta.object.member.dw do-statement.expr.dw meta.directive.var.dw
#    ^^^ source.data-weave meta.objectliteral.dw meta.object.member.dw do-statement.expr.dw meta.directive.var.dw storage.type.dw
#       ^ source.data-weave meta.objectliteral.dw meta.object.member.dw do-statement.expr.dw meta.directive.var.dw
#        ^ source.data-weave meta.objectliteral.dw meta.object.member.dw do-statement.expr.dw meta.directive.var.dw entity.name.variable.dw
#         ^ source.data-weave meta.objectliteral.dw meta.object.member.dw do-statement.expr.dw meta.directive.var.dw
#          ^ source.data-weave meta.objectliteral.dw meta.object.member.dw do-statement.expr.dw meta.directive.var.dw keyword.operator.assignment.dw
#           ^ source.data-weave meta.objectliteral.dw meta.object.member.dw do-statement.expr.dw
#            ^ source.data-weave meta.objectliteral.dw meta.object.member.dw do-statement.expr.dw constant.numeric.dw
>    var b = do {
#^^^^ source.data-weave meta.objectliteral.dw meta.object.member.dw do-statement.expr.dw meta.directive.var.dw
#    ^^^ source.data-weave meta.objectliteral.dw meta.object.member.dw do-statement.expr.dw meta.directive.var.dw storage.type.dw
#       ^ source.data-weave meta.objectliteral.dw meta.object.member.dw do-statement.expr.dw meta.directive.var.dw
#        ^ source.data-weave meta.objectliteral.dw meta.object.member.dw do-statement.expr.dw meta.directive.var.dw entity.name.variable.dw
#         ^ source.data-weave meta.objectliteral.dw meta.object.member.dw do-statement.expr.dw meta.directive.var.dw
#          ^ source.data-weave meta.objectliteral.dw meta.object.member.dw do-statement.expr.dw meta.directive.var.dw keyword.operator.assignment.dw
#           ^ source.data-weave meta.objectliteral.dw meta.object.member.dw do-statement.expr.dw
#            ^^ source.data-weave meta.objectliteral.dw meta.object.member.dw do-statement.expr.dw do-statement.expr.dw keyword.control.do.dw
#              ^ source.data-weave meta.objectliteral.dw meta.object.member.dw do-statement.expr.dw do-statement.expr.dw
#               ^ source.data-weave meta.objectliteral.dw meta.object.member.dw do-statement.expr.dw do-statement.expr.dw punctuation.definitions.begin.dw
>      var a = {x: "2", y: false}
#^^^^^^ source.data-weave meta.objectliteral.dw meta.object.member.dw do-statement.expr.dw do-statement.expr.dw meta.directive.var.dw
#      ^^^ source.data-weave meta.objectliteral.dw meta.object.member.dw do-statement.expr.dw do-statement.expr.dw meta.directive.var.dw storage.type.dw
#         ^ source.data-weave meta.objectliteral.dw meta.object.member.dw do-statement.expr.dw do-statement.expr.dw meta.directive.var.dw
#          ^ source.data-weave meta.objectliteral.dw meta.object.member.dw do-statement.expr.dw do-statement.expr.dw meta.directive.var.dw entity.name.variable.dw
#           ^ source.data-weave meta.objectliteral.dw meta.object.member.dw do-statement.expr.dw do-statement.expr.dw meta.directive.var.dw
#            ^ source.data-weave meta.objectliteral.dw meta.object.member.dw do-statement.expr.dw do-statement.expr.dw meta.directive.var.dw keyword.operator.assignment.dw
#             ^ source.data-weave meta.objectliteral.dw meta.object.member.dw do-statement.expr.dw do-statement.expr.dw
#              ^ source.data-weave meta.objectliteral.dw meta.object.member.dw do-statement.expr.dw do-statement.expr.dw meta.objectliteral.dw punctuation.definition.block.dw
#               ^ source.data-weave meta.objectliteral.dw meta.object.member.dw do-statement.expr.dw do-statement.expr.dw meta.objectliteral.dw meta.object.member.dw
#                ^ source.data-weave meta.objectliteral.dw meta.object.member.dw do-statement.expr.dw do-statement.expr.dw meta.objectliteral.dw meta.object.member.dw meta.object-literal.key.dw punctuation.separator.key-value.dw
#                 ^ source.data-weave meta.objectliteral.dw meta.object.member.dw do-statement.expr.dw do-statement.expr.dw meta.objectliteral.dw meta.object.member.dw
#                  ^ source.data-weave meta.objectliteral.dw meta.object.member.dw do-statement.expr.dw do-statement.expr.dw meta.objectliteral.dw meta.object.member.dw string.quoted.double.dw punctuation.definition.string.begin.dw
#                   ^ source.data-weave meta.objectliteral.dw meta.object.member.dw do-statement.expr.dw do-statement.expr.dw meta.objectliteral.dw meta.object.member.dw string.quoted.double.dw
#                    ^ source.data-weave meta.objectliteral.dw meta.object.member.dw do-statement.expr.dw do-statement.expr.dw meta.objectliteral.dw meta.object.member.dw string.quoted.double.dw punctuation.definition.string.end.dw
#                     ^ source.data-weave meta.objectliteral.dw meta.object.member.dw do-statement.expr.dw do-statement.expr.dw meta.objectliteral.dw punctuation.separator.comma.dw
#                      ^ source.data-weave meta.objectliteral.dw meta.object.member.dw do-statement.expr.dw do-statement.expr.dw meta.objectliteral.dw
#                       ^ source.data-weave meta.objectliteral.dw meta.object.member.dw do-statement.expr.dw do-statement.expr.dw meta.objectliteral.dw meta.object.member.dw
#                        ^ source.data-weave meta.objectliteral.dw meta.object.member.dw do-statement.expr.dw do-statement.expr.dw meta.objectliteral.dw meta.object.member.dw meta.object-literal.key.dw punctuation.separator.key-value.dw
#                         ^ source.data-weave meta.objectliteral.dw meta.object.member.dw do-statement.expr.dw do-statement.expr.dw meta.objectliteral.dw meta.object.member.dw
#                          ^^^^^ source.data-weave meta.objectliteral.dw meta.object.member.dw do-statement.expr.dw do-statement.expr.dw meta.objectliteral.dw meta.object.member.dw constant.language.dw
#                               ^ source.data-weave meta.objectliteral.dw meta.object.member.dw do-statement.expr.dw do-statement.expr.dw meta.objectliteral.dw punctuation.definition.block.dw
>      var b = log('Must log')
#^^^^^^ source.data-weave meta.objectliteral.dw meta.object.member.dw do-statement.expr.dw do-statement.expr.dw meta.directive.var.dw
#      ^^^ source.data-weave meta.objectliteral.dw meta.object.member.dw do-statement.expr.dw do-statement.expr.dw meta.directive.var.dw storage.type.dw
#         ^ source.data-weave meta.objectliteral.dw meta.object.member.dw do-statement.expr.dw do-statement.expr.dw meta.directive.var.dw
#          ^ source.data-weave meta.objectliteral.dw meta.object.member.dw do-statement.expr.dw do-statement.expr.dw meta.directive.var.dw entity.name.variable.dw
#           ^ source.data-weave meta.objectliteral.dw meta.object.member.dw do-statement.expr.dw do-statement.expr.dw meta.directive.var.dw
#            ^ source.data-weave meta.objectliteral.dw meta.object.member.dw do-statement.expr.dw do-statement.expr.dw meta.directive.var.dw keyword.operator.assignment.dw
#             ^ source.data-weave meta.objectliteral.dw meta.object.member.dw do-statement.expr.dw do-statement.expr.dw
#              ^^^ source.data-weave meta.objectliteral.dw meta.object.member.dw do-statement.expr.dw do-statement.expr.dw variable.other.dw
#                 ^ source.data-weave meta.objectliteral.dw meta.object.member.dw do-statement.expr.dw do-statement.expr.dw punctuation.expression.begin.dw
#                  ^ source.data-weave meta.objectliteral.dw meta.object.member.dw do-statement.expr.dw do-statement.expr.dw string.quoted.single.dw punctuation.definition.string.begin.dw
#                   ^ source.data-weave meta.objectliteral.dw meta.object.member.dw do-statement.expr.dw do-statement.expr.dw string.quoted.single.dw
#                    ^ source.data-weave meta.objectliteral.dw meta.object.member.dw do-statement.expr.dw do-statement.expr.dw string.quoted.single.dw
#                     ^ source.data-weave meta.objectliteral.dw meta.object.member.dw do-statement.expr.dw do-statement.expr.dw string.quoted.single.dw
#                      ^ source.data-weave meta.objectliteral.dw meta.object.member.dw do-statement.expr.dw do-statement.expr.dw string.quoted.single.dw
#                       ^ source.data-weave meta.objectliteral.dw meta.object.member.dw do-statement.expr.dw do-statement.expr.dw string.quoted.single.dw
#                        ^ source.data-weave meta.objectliteral.dw meta.object.member.dw do-statement.expr.dw do-statement.expr.dw string.quoted.single.dw
#                         ^ source.data-weave meta.objectliteral.dw meta.object.member.dw do-statement.expr.dw do-statement.expr.dw string.quoted.single.dw
#                          ^ source.data-weave meta.objectliteral.dw meta.object.member.dw do-statement.expr.dw do-statement.expr.dw string.quoted.single.dw
#                           ^ source.data-weave meta.objectliteral.dw meta.object.member.dw do-statement.expr.dw do-statement.expr.dw string.quoted.single.dw punctuation.definition.string.end.dw
#                            ^ source.data-weave meta.objectliteral.dw meta.object.member.dw do-statement.expr.dw do-statement.expr.dw punctuation.expression.end.dw
>      ---
#^^^^^^ source.data-weave meta.objectliteral.dw meta.object.member.dw do-statement.expr.dw do-statement.expr.dw
#      ^^^ source.data-weave meta.objectliteral.dw meta.object.member.dw do-statement.expr.dw do-statement.expr.dw keyword.operator.body-marker.dw
>      a.x as Number
#^^^^^^ source.data-weave meta.objectliteral.dw meta.object.member.dw do-statement.expr.dw do-statement.expr.dw
#      ^ source.data-weave meta.objectliteral.dw meta.object.member.dw do-statement.expr.dw do-statement.expr.dw variable.other.dw
#       ^ source.data-weave meta.objectliteral.dw meta.object.member.dw do-statement.expr.dw do-statement.expr.dw meta.selector.data-weave
#        ^ source.data-weave meta.objectliteral.dw meta.object.member.dw do-statement.expr.dw do-statement.expr.dw meta.selector.data-weave meta.object.member.dw
#         ^ source.data-weave meta.objectliteral.dw meta.object.member.dw do-statement.expr.dw do-statement.expr.dw
#          ^^ source.data-weave meta.objectliteral.dw meta.object.member.dw do-statement.expr.dw do-statement.expr.dw keyword.control.as.dw
#            ^ source.data-weave meta.objectliteral.dw meta.object.member.dw do-statement.expr.dw do-statement.expr.dw
#             ^^^^^^ source.data-weave meta.objectliteral.dw meta.object.member.dw do-statement.expr.dw do-statement.expr.dw support.class.dw
>    }
#^^^^ source.data-weave meta.objectliteral.dw meta.object.member.dw do-statement.expr.dw do-statement.expr.dw
#    ^ source.data-weave meta.objectliteral.dw meta.object.member.dw do-statement.expr.dw do-statement.expr.dw punctuation.definitions.end.dw
>    var b = do {
#^^^^ source.data-weave meta.objectliteral.dw meta.object.member.dw do-statement.expr.dw meta.directive.var.dw
#    ^^^ source.data-weave meta.objectliteral.dw meta.object.member.dw do-statement.expr.dw meta.directive.var.dw storage.type.dw
#       ^ source.data-weave meta.objectliteral.dw meta.object.member.dw do-statement.expr.dw meta.directive.var.dw
#        ^ source.data-weave meta.objectliteral.dw meta.object.member.dw do-statement.expr.dw meta.directive.var.dw entity.name.variable.dw
#         ^ source.data-weave meta.objectliteral.dw meta.object.member.dw do-statement.expr.dw meta.directive.var.dw
#          ^ source.data-weave meta.objectliteral.dw meta.object.member.dw do-statement.expr.dw meta.directive.var.dw keyword.operator.assignment.dw
#           ^ source.data-weave meta.objectliteral.dw meta.object.member.dw do-statement.expr.dw
#            ^^ source.data-weave meta.objectliteral.dw meta.object.member.dw do-statement.expr.dw do-statement.expr.dw keyword.control.do.dw
#              ^ source.data-weave meta.objectliteral.dw meta.object.member.dw do-statement.expr.dw do-statement.expr.dw
#               ^ source.data-weave meta.objectliteral.dw meta.object.member.dw do-statement.expr.dw do-statement.expr.dw punctuation.definitions.begin.dw
>      var a = "outer"
#^^^^^^ source.data-weave meta.objectliteral.dw meta.object.member.dw do-statement.expr.dw do-statement.expr.dw meta.directive.var.dw
#      ^^^ source.data-weave meta.objectliteral.dw meta.object.member.dw do-statement.expr.dw do-statement.expr.dw meta.directive.var.dw storage.type.dw
#         ^ source.data-weave meta.objectliteral.dw meta.object.member.dw do-statement.expr.dw do-statement.expr.dw meta.directive.var.dw
#          ^ source.data-weave meta.objectliteral.dw meta.object.member.dw do-statement.expr.dw do-statement.expr.dw meta.directive.var.dw entity.name.variable.dw
#           ^ source.data-weave meta.objectliteral.dw meta.object.member.dw do-statement.expr.dw do-statement.expr.dw meta.directive.var.dw
#            ^ source.data-weave meta.objectliteral.dw meta.object.member.dw do-statement.expr.dw do-statement.expr.dw meta.directive.var.dw keyword.operator.assignment.dw
#             ^ source.data-weave meta.objectliteral.dw meta.object.member.dw do-statement.expr.dw do-statement.expr.dw
#              ^ source.data-weave meta.objectliteral.dw meta.object.member.dw do-statement.expr.dw do-statement.expr.dw string.quoted.double.dw punctuation.definition.string.begin.dw
#               ^ source.data-weave meta.objectliteral.dw meta.object.member.dw do-statement.expr.dw do-statement.expr.dw string.quoted.double.dw
#                ^ source.data-weave meta.objectliteral.dw meta.object.member.dw do-statement.expr.dw do-statement.expr.dw string.quoted.double.dw
#                 ^ source.data-weave meta.objectliteral.dw meta.object.member.dw do-statement.expr.dw do-statement.expr.dw string.quoted.double.dw
#                  ^ source.data-weave meta.objectliteral.dw meta.object.member.dw do-statement.expr.dw do-statement.expr.dw string.quoted.double.dw
#                   ^ source.data-weave meta.objectliteral.dw meta.object.member.dw do-statement.expr.dw do-statement.expr.dw string.quoted.double.dw
#                    ^ source.data-weave meta.objectliteral.dw meta.object.member.dw do-statement.expr.dw do-statement.expr.dw string.quoted.double.dw punctuation.definition.string.end.dw
>      ---
#^^^^^^ source.data-weave meta.objectliteral.dw meta.object.member.dw do-statement.expr.dw do-statement.expr.dw
#      ^^^ source.data-weave meta.objectliteral.dw meta.object.member.dw do-statement.expr.dw do-statement.expr.dw keyword.operator.body-marker.dw
>      do {
#^^^^^^ source.data-weave meta.objectliteral.dw meta.object.member.dw do-statement.expr.dw do-statement.expr.dw
#      ^^ source.data-weave meta.objectliteral.dw meta.object.member.dw do-statement.expr.dw do-statement.expr.dw do-statement.expr.dw keyword.control.do.dw
#        ^ source.data-weave meta.objectliteral.dw meta.object.member.dw do-statement.expr.dw do-statement.expr.dw do-statement.expr.dw
#         ^ source.data-weave meta.objectliteral.dw meta.object.member.dw do-statement.expr.dw do-statement.expr.dw do-statement.expr.dw punctuation.definitions.begin.dw
>        var a = "inner"
#^^^^^^^^ source.data-weave meta.objectliteral.dw meta.object.member.dw do-statement.expr.dw do-statement.expr.dw do-statement.expr.dw meta.directive.var.dw
#        ^^^ source.data-weave meta.objectliteral.dw meta.object.member.dw do-statement.expr.dw do-statement.expr.dw do-statement.expr.dw meta.directive.var.dw storage.type.dw
#           ^ source.data-weave meta.objectliteral.dw meta.object.member.dw do-statement.expr.dw do-statement.expr.dw do-statement.expr.dw meta.directive.var.dw
#            ^ source.data-weave meta.objectliteral.dw meta.object.member.dw do-statement.expr.dw do-statement.expr.dw do-statement.expr.dw meta.directive.var.dw entity.name.variable.dw
#             ^ source.data-weave meta.objectliteral.dw meta.object.member.dw do-statement.expr.dw do-statement.expr.dw do-statement.expr.dw meta.directive.var.dw
#              ^ source.data-weave meta.objectliteral.dw meta.object.member.dw do-statement.expr.dw do-statement.expr.dw do-statement.expr.dw meta.directive.var.dw keyword.operator.assignment.dw
#               ^ source.data-weave meta.objectliteral.dw meta.object.member.dw do-statement.expr.dw do-statement.expr.dw do-statement.expr.dw
#                ^ source.data-weave meta.objectliteral.dw meta.object.member.dw do-statement.expr.dw do-statement.expr.dw do-statement.expr.dw string.quoted.double.dw punctuation.definition.string.begin.dw
#                 ^ source.data-weave meta.objectliteral.dw meta.object.member.dw do-statement.expr.dw do-statement.expr.dw do-statement.expr.dw string.quoted.double.dw
#                  ^ source.data-weave meta.objectliteral.dw meta.object.member.dw do-statement.expr.dw do-statement.expr.dw do-statement.expr.dw string.quoted.double.dw
#                   ^ source.data-weave meta.objectliteral.dw meta.object.member.dw do-statement.expr.dw do-statement.expr.dw do-statement.expr.dw string.quoted.double.dw
#                    ^ source.data-weave meta.objectliteral.dw meta.object.member.dw do-statement.expr.dw do-statement.expr.dw do-statement.expr.dw string.quoted.double.dw
#                     ^ source.data-weave meta.objectliteral.dw meta.object.member.dw do-statement.expr.dw do-statement.expr.dw do-statement.expr.dw string.quoted.double.dw
#                      ^ source.data-weave meta.objectliteral.dw meta.object.member.dw do-statement.expr.dw do-statement.expr.dw do-statement.expr.dw string.quoted.double.dw punctuation.definition.string.end.dw
>        ---
#^^^^^^^^ source.data-weave meta.objectliteral.dw meta.object.member.dw do-statement.expr.dw do-statement.expr.dw do-statement.expr.dw
#        ^^^ source.data-weave meta.objectliteral.dw meta.object.member.dw do-statement.expr.dw do-statement.expr.dw do-statement.expr.dw keyword.operator.body-marker.dw
>        a
#^^^^^^^^ source.data-weave meta.objectliteral.dw meta.object.member.dw do-statement.expr.dw do-statement.expr.dw do-statement.expr.dw
#        ^ source.data-weave meta.objectliteral.dw meta.object.member.dw do-statement.expr.dw do-statement.expr.dw do-statement.expr.dw variable.other.dw
>      } ++ "|" ++ a
#^^^^^^ source.data-weave meta.objectliteral.dw meta.object.member.dw do-statement.expr.dw do-statement.expr.dw do-statement.expr.dw
#      ^ source.data-weave meta.objectliteral.dw meta.object.member.dw do-statement.expr.dw do-statement.expr.dw do-statement.expr.dw punctuation.definitions.end.dw
#       ^^^^ source.data-weave meta.objectliteral.dw meta.object.member.dw do-statement.expr.dw do-statement.expr.dw support.function.dw
#           ^ source.data-weave meta.objectliteral.dw meta.object.member.dw do-statement.expr.dw do-statement.expr.dw string.quoted.double.dw punctuation.definition.string.begin.dw
#            ^ source.data-weave meta.objectliteral.dw meta.object.member.dw do-statement.expr.dw do-statement.expr.dw string.quoted.double.dw
#             ^ source.data-weave meta.objectliteral.dw meta.object.member.dw do-statement.expr.dw do-statement.expr.dw string.quoted.double.dw punctuation.definition.string.end.dw
#              ^^^^ source.data-weave meta.objectliteral.dw meta.object.member.dw do-statement.expr.dw do-statement.expr.dw support.function.dw
#                  ^ source.data-weave meta.objectliteral.dw meta.object.member.dw do-statement.expr.dw do-statement.expr.dw variable.other.dw
>    }
#^^^^ source.data-weave meta.objectliteral.dw meta.object.member.dw do-statement.expr.dw do-statement.expr.dw
#    ^ source.data-weave meta.objectliteral.dw meta.object.member.dw do-statement.expr.dw do-statement.expr.dw punctuation.definitions.end.dw
>    var c = do { var a = 1 fun f(n) = "Shoki_" ++ n --- f map (a) }
#^^^^ source.data-weave meta.objectliteral.dw meta.object.member.dw do-statement.expr.dw meta.directive.var.dw
#    ^^^ source.data-weave meta.objectliteral.dw meta.object.member.dw do-statement.expr.dw meta.directive.var.dw storage.type.dw
#       ^ source.data-weave meta.objectliteral.dw meta.object.member.dw do-statement.expr.dw meta.directive.var.dw
#        ^ source.data-weave meta.objectliteral.dw meta.object.member.dw do-statement.expr.dw meta.directive.var.dw entity.name.variable.dw
#         ^ source.data-weave meta.objectliteral.dw meta.object.member.dw do-statement.expr.dw meta.directive.var.dw
#          ^ source.data-weave meta.objectliteral.dw meta.object.member.dw do-statement.expr.dw meta.directive.var.dw keyword.operator.assignment.dw
#           ^ source.data-weave meta.objectliteral.dw meta.object.member.dw do-statement.expr.dw
#            ^^ source.data-weave meta.objectliteral.dw meta.object.member.dw do-statement.expr.dw do-statement.expr.dw keyword.control.do.dw
#              ^ source.data-weave meta.objectliteral.dw meta.object.member.dw do-statement.expr.dw do-statement.expr.dw
#               ^ source.data-weave meta.objectliteral.dw meta.object.member.dw do-statement.expr.dw do-statement.expr.dw punctuation.definitions.begin.dw
#                ^ source.data-weave meta.objectliteral.dw meta.object.member.dw do-statement.expr.dw do-statement.expr.dw meta.directive.var.dw
#                 ^^^ source.data-weave meta.objectliteral.dw meta.object.member.dw do-statement.expr.dw do-statement.expr.dw meta.directive.var.dw storage.type.dw
#                    ^ source.data-weave meta.objectliteral.dw meta.object.member.dw do-statement.expr.dw do-statement.expr.dw meta.directive.var.dw
#                     ^ source.data-weave meta.objectliteral.dw meta.object.member.dw do-statement.expr.dw do-statement.expr.dw meta.directive.var.dw entity.name.variable.dw
#                      ^ source.data-weave meta.objectliteral.dw meta.object.member.dw do-statement.expr.dw do-statement.expr.dw meta.directive.var.dw
#                       ^ source.data-weave meta.objectliteral.dw meta.object.member.dw do-statement.expr.dw do-statement.expr.dw meta.directive.var.dw keyword.operator.assignment.dw
#                        ^ source.data-weave meta.objectliteral.dw meta.object.member.dw do-statement.expr.dw do-statement.expr.dw
#                         ^ source.data-weave meta.objectliteral.dw meta.object.member.dw do-statement.expr.dw do-statement.expr.dw constant.numeric.dw
#                          ^ source.data-weave meta.objectliteral.dw meta.object.member.dw do-statement.expr.dw do-statement.expr.dw meta.directive.fun.dw
#                           ^^^ source.data-weave meta.objectliteral.dw meta.object.member.dw do-statement.expr.dw do-statement.expr.dw meta.directive.fun.dw storage.type.dw
#                              ^ source.data-weave meta.objectliteral.dw meta.object.member.dw do-statement.expr.dw do-statement.expr.dw meta.directive.fun.dw
#                               ^ source.data-weave meta.objectliteral.dw meta.object.member.dw do-statement.expr.dw do-statement.expr.dw meta.directive.fun.dw entity.name.function.dw
#                                ^ source.data-weave meta.objectliteral.dw meta.object.member.dw do-statement.expr.dw do-statement.expr.dw meta.directive.fun.dw
#                                 ^ source.data-weave meta.objectliteral.dw meta.object.member.dw do-statement.expr.dw do-statement.expr.dw meta.directive.fun.dw variable.parameter.dw
#                                  ^ source.data-weave meta.objectliteral.dw meta.object.member.dw do-statement.expr.dw do-statement.expr.dw meta.directive.fun.dw
#                                   ^ source.data-weave meta.objectliteral.dw meta.object.member.dw do-statement.expr.dw do-statement.expr.dw meta.directive.fun.dw
#                                    ^ source.data-weave meta.objectliteral.dw meta.object.member.dw do-statement.expr.dw do-statement.expr.dw meta.directive.fun.dw keyword.operator.assignment.dw
#                                     ^ source.data-weave meta.objectliteral.dw meta.object.member.dw do-statement.expr.dw do-statement.expr.dw
#                                      ^ source.data-weave meta.objectliteral.dw meta.object.member.dw do-statement.expr.dw do-statement.expr.dw string.quoted.double.dw punctuation.definition.string.begin.dw
#                                       ^ source.data-weave meta.objectliteral.dw meta.object.member.dw do-statement.expr.dw do-statement.expr.dw string.quoted.double.dw
#                                        ^ source.data-weave meta.objectliteral.dw meta.object.member.dw do-statement.expr.dw do-statement.expr.dw string.quoted.double.dw
#                                         ^ source.data-weave meta.objectliteral.dw meta.object.member.dw do-statement.expr.dw do-statement.expr.dw string.quoted.double.dw
#                                          ^ source.data-weave meta.objectliteral.dw meta.object.member.dw do-statement.expr.dw do-statement.expr.dw string.quoted.double.dw
#                                           ^ source.data-weave meta.objectliteral.dw meta.object.member.dw do-statement.expr.dw do-statement.expr.dw string.quoted.double.dw
#                                            ^ source.data-weave meta.objectliteral.dw meta.object.member.dw do-statement.expr.dw do-statement.expr.dw string.quoted.double.dw
#                                             ^ source.data-weave meta.objectliteral.dw meta.object.member.dw do-statement.expr.dw do-statement.expr.dw string.quoted.double.dw punctuation.definition.string.end.dw
#                                              ^^^^ source.data-weave meta.objectliteral.dw meta.object.member.dw do-statement.expr.dw do-statement.expr.dw support.function.dw
#                                                  ^ source.data-weave meta.objectliteral.dw meta.object.member.dw do-statement.expr.dw do-statement.expr.dw variable.other.dw
#                                                   ^ source.data-weave meta.objectliteral.dw meta.object.member.dw do-statement.expr.dw do-statement.expr.dw
#                                                    ^^^ source.data-weave meta.objectliteral.dw meta.object.member.dw do-statement.expr.dw do-statement.expr.dw keyword.operator.body-marker.dw
#                                                       ^ source.data-weave meta.objectliteral.dw meta.object.member.dw do-statement.expr.dw do-statement.expr.dw
#                                                        ^ source.data-weave meta.objectliteral.dw meta.object.member.dw do-statement.expr.dw do-statement.expr.dw variable.other.dw
#                                                         ^^^^^ source.data-weave meta.objectliteral.dw meta.object.member.dw do-statement.expr.dw do-statement.expr.dw support.function.dw
#                                                              ^ source.data-weave meta.objectliteral.dw meta.object.member.dw do-statement.expr.dw do-statement.expr.dw punctuation.expression.begin.dw
#                                                               ^ source.data-weave meta.objectliteral.dw meta.object.member.dw do-statement.expr.dw do-statement.expr.dw variable.other.dw
#                                                                ^ source.data-weave meta.objectliteral.dw meta.object.member.dw do-statement.expr.dw do-statement.expr.dw punctuation.expression.end.dw
#                                                                 ^ source.data-weave meta.objectliteral.dw meta.object.member.dw do-statement.expr.dw do-statement.expr.dw
#                                                                  ^ source.data-weave meta.objectliteral.dw meta.object.member.dw do-statement.expr.dw do-statement.expr.dw punctuation.definitions.end.dw
>    ---
#^^^^ source.data-weave meta.objectliteral.dw meta.object.member.dw do-statement.expr.dw
#    ^^^ source.data-weave meta.objectliteral.dw meta.object.member.dw do-statement.expr.dw keyword.operator.body-marker.dw
>    { result: a + b, a: a, b: b }
#^^^^ source.data-weave meta.objectliteral.dw meta.object.member.dw do-statement.expr.dw
#    ^ source.data-weave meta.objectliteral.dw meta.object.member.dw do-statement.expr.dw meta.objectliteral.dw punctuation.definition.block.dw
#     ^ source.data-weave meta.objectliteral.dw meta.object.member.dw do-statement.expr.dw meta.objectliteral.dw
#      ^^^^^^ source.data-weave meta.objectliteral.dw meta.object.member.dw do-statement.expr.dw meta.objectliteral.dw meta.object.member.dw
#            ^ source.data-weave meta.objectliteral.dw meta.object.member.dw do-statement.expr.dw meta.objectliteral.dw meta.object.member.dw meta.object-literal.key.dw punctuation.separator.key-value.dw
#             ^ source.data-weave meta.objectliteral.dw meta.object.member.dw do-statement.expr.dw meta.objectliteral.dw meta.object.member.dw
#              ^ source.data-weave meta.objectliteral.dw meta.object.member.dw do-statement.expr.dw meta.objectliteral.dw meta.object.member.dw variable.other.dw
#               ^ source.data-weave meta.objectliteral.dw meta.object.member.dw do-statement.expr.dw meta.objectliteral.dw meta.object.member.dw
#                ^ source.data-weave meta.objectliteral.dw meta.object.member.dw do-statement.expr.dw meta.objectliteral.dw meta.object.member.dw keyword.operator.arithmetic.dw
#                 ^ source.data-weave meta.objectliteral.dw meta.object.member.dw do-statement.expr.dw meta.objectliteral.dw meta.object.member.dw
#                  ^ source.data-weave meta.objectliteral.dw meta.object.member.dw do-statement.expr.dw meta.objectliteral.dw meta.object.member.dw variable.other.dw
#                   ^ source.data-weave meta.objectliteral.dw meta.object.member.dw do-statement.expr.dw meta.objectliteral.dw punctuation.separator.comma.dw
#                    ^ source.data-weave meta.objectliteral.dw meta.object.member.dw do-statement.expr.dw meta.objectliteral.dw
#                     ^ source.data-weave meta.objectliteral.dw meta.object.member.dw do-statement.expr.dw meta.objectliteral.dw meta.object.member.dw
#                      ^ source.data-weave meta.objectliteral.dw meta.object.member.dw do-statement.expr.dw meta.objectliteral.dw meta.object.member.dw meta.object-literal.key.dw punctuation.separator.key-value.dw
#                       ^ source.data-weave meta.objectliteral.dw meta.object.member.dw do-statement.expr.dw meta.objectliteral.dw meta.object.member.dw
#                        ^ source.data-weave meta.objectliteral.dw meta.object.member.dw do-statement.expr.dw meta.objectliteral.dw meta.object.member.dw variable.other.dw
#                         ^ source.data-weave meta.objectliteral.dw meta.object.member.dw do-statement.expr.dw meta.objectliteral.dw punctuation.separator.comma.dw
#                          ^ source.data-weave meta.objectliteral.dw meta.object.member.dw do-statement.expr.dw meta.objectliteral.dw
#                           ^ source.data-weave meta.objectliteral.dw meta.object.member.dw do-statement.expr.dw meta.objectliteral.dw meta.object.member.dw
#                            ^ source.data-weave meta.objectliteral.dw meta.object.member.dw do-statement.expr.dw meta.objectliteral.dw meta.object.member.dw meta.object-literal.key.dw punctuation.separator.key-value.dw
#                             ^ source.data-weave meta.objectliteral.dw meta.object.member.dw do-statement.expr.dw meta.objectliteral.dw meta.object.member.dw
#                              ^ source.data-weave meta.objectliteral.dw meta.object.member.dw do-statement.expr.dw meta.objectliteral.dw meta.object.member.dw variable.other.dw
#                               ^ source.data-weave meta.objectliteral.dw meta.object.member.dw do-statement.expr.dw meta.objectliteral.dw meta.object.member.dw
#                                ^ source.data-weave meta.objectliteral.dw meta.object.member.dw do-statement.expr.dw meta.objectliteral.dw punctuation.definition.block.dw
>  },
#^^ source.data-weave meta.objectliteral.dw meta.object.member.dw do-statement.expr.dw
#  ^ source.data-weave meta.objectliteral.dw meta.object.member.dw do-statement.expr.dw punctuation.definitions.end.dw
#   ^ source.data-weave meta.objectliteral.dw punctuation.separator.comma.dw
>  x: testParam(2)
#^^ source.data-weave meta.objectliteral.dw
#  ^ source.data-weave meta.objectliteral.dw meta.object.member.dw
#   ^ source.data-weave meta.objectliteral.dw meta.object.member.dw meta.object-literal.key.dw punctuation.separator.key-value.dw
#    ^ source.data-weave meta.objectliteral.dw meta.object.member.dw
#     ^^^^^^^^^ source.data-weave meta.objectliteral.dw meta.object.member.dw variable.other.dw
#              ^ source.data-weave meta.objectliteral.dw meta.object.member.dw punctuation.expression.begin.dw
#               ^ source.data-weave meta.objectliteral.dw meta.object.member.dw constant.numeric.dw
#                ^ source.data-weave meta.objectliteral.dw meta.object.member.dw punctuation.expression.end.dw
>}
#^ source.data-weave meta.objectliteral.dw punctuation.definition.block.dw