>import * from dw::core::Object
#^^^^^^ source.data-weave meta.directive.import.dw keyword.control.import
#      ^ source.data-weave meta.directive.import.dw
#       ^ source.data-weave meta.directive.import.dw entity.name.type.dw
#        ^ source.data-weave meta.directive.import.dw
#         ^^^^ source.data-weave meta.directive.import.dw keyword.control.from
#             ^ source.data-weave meta.directive.import.dw
#              ^^^^ source.data-weave meta.directive.import.dw
#                  ^^^^^^^^^^^^^ source.data-weave meta.directive.import.dw entity.name.type.dw
>import spread from dw::core::Object
#^^^^^^ source.data-weave meta.directive.import.dw keyword.control.import
#      ^ source.data-weave meta.directive.import.dw
#       ^^^^^^^ source.data-weave meta.directive.import.dw
#              ^^^^ source.data-weave meta.directive.import.dw keyword.control.from
#                  ^ source.data-weave meta.directive.import.dw
#                   ^^^^ source.data-weave meta.directive.import.dw
#                       ^^^^^^^^^^^^^ source.data-weave meta.directive.import.dw entity.name.type.dw
>import spread as SPREAD from dw::core::Object
#^^^^^^ source.data-weave meta.directive.import.dw keyword.control.import
#      ^ source.data-weave meta.directive.import.dw
#       ^^^^^^ source.data-weave meta.directive.import.dw
#             ^ source.data-weave meta.directive.import.dw
#              ^^ source.data-weave meta.directive.import.dw keyword.control.as
#                ^ source.data-weave meta.directive.import.dw
#                 ^^^^^^ source.data-weave meta.directive.import.dw entity.name.function.dw
#                       ^ source.data-weave meta.directive.import.dw
#                        ^^^^ source.data-weave meta.directive.import.dw keyword.control.from
#                            ^ source.data-weave meta.directive.import.dw
#                             ^^^^ source.data-weave meta.directive.import.dw
#                                 ^^^^^^^^^^^^^ source.data-weave meta.directive.import.dw entity.name.type.dw
>import spread as SPREAD1, b, C, a as D from dw::core::Object
#^^^^^^ source.data-weave meta.directive.import.dw keyword.control.import
#      ^ source.data-weave meta.directive.import.dw
#       ^^^^^^ source.data-weave meta.directive.import.dw
#             ^ source.data-weave meta.directive.import.dw
#              ^^ source.data-weave meta.directive.import.dw keyword.control.as
#                ^ source.data-weave meta.directive.import.dw
#                 ^^^^^^^ source.data-weave meta.directive.import.dw entity.name.function.dw
#                        ^ source.data-weave meta.directive.import.dw
#                         ^^ source.data-weave meta.directive.import.dw
#                           ^ source.data-weave meta.directive.import.dw
#                            ^^ source.data-weave meta.directive.import.dw
#                              ^ source.data-weave meta.directive.import.dw
#                               ^^ source.data-weave meta.directive.import.dw
#                                 ^ source.data-weave meta.directive.import.dw
#                                  ^^ source.data-weave meta.directive.import.dw keyword.control.as
#                                    ^ source.data-weave meta.directive.import.dw
#                                     ^ source.data-weave meta.directive.import.dw entity.name.function.dw
#                                      ^ source.data-weave meta.directive.import.dw
#                                       ^^^^ source.data-weave meta.directive.import.dw keyword.control.from
#                                           ^ source.data-weave meta.directive.import.dw
#                                            ^^^^ source.data-weave meta.directive.import.dw
#                                                ^^^^^^^^^^^^^ source.data-weave meta.directive.import.dw entity.name.type.dw
>import dw::core::Object as OBJEKT
#^^^^^^ source.data-weave meta.directive.import.dw keyword.control.import
#      ^ source.data-weave meta.directive.import.dw
#       ^^^^^^^^^^^^^^^^ source.data-weave meta.directive.import.dw
#                       ^ source.data-weave meta.directive.import.dw
#                        ^^ source.data-weave meta.directive.import.dw keyword.control.as
#                          ^ source.data-weave meta.directive.import.dw
#                           ^^^^^^ source.data-weave meta.directive.import.dw entity.name.function.dw
>---
#^^^ source.data-weave keyword.operator.body-marker.dw
>1
#^ source.data-weave constant.numeric.dw