>{
#^ source.data-weave meta.objectliteral.dw punctuation.definition.block.dw
>  y: "a" matches/Achaval$/,
#^^ source.data-weave meta.objectliteral.dw
#  ^ source.data-weave meta.objectliteral.dw meta.object.member.dw
#   ^ source.data-weave meta.objectliteral.dw meta.object.member.dw meta.object-literal.key.dw punctuation.separator.key-value.dw
#    ^ source.data-weave meta.objectliteral.dw meta.object.member.dw
#     ^ source.data-weave meta.objectliteral.dw meta.object.member.dw string.quoted.double.dw punctuation.definition.string.begin.dw
#      ^ source.data-weave meta.objectliteral.dw meta.object.member.dw string.quoted.double.dw
#       ^ source.data-weave meta.objectliteral.dw meta.object.member.dw string.quoted.double.dw punctuation.definition.string.end.dw
#        ^^^^^^^^ source.data-weave meta.objectliteral.dw meta.object.member.dw support.function.dw
#                ^ source.data-weave meta.objectliteral.dw meta.object.member.dw string.regexp.dw punctuation.definition.string.begin.dw
#                 ^^^^^^^ source.data-weave meta.objectliteral.dw meta.object.member.dw string.regexp.dw
#                        ^ source.data-weave meta.objectliteral.dw meta.object.member.dw string.regexp.dw keyword.control.anchor.regexp
#                         ^ source.data-weave meta.objectliteral.dw meta.object.member.dw string.regexp.dw punctuation.definition.string.end.dw
#                          ^ source.data-weave meta.objectliteral.dw punctuation.separator.comma.dw
>  z: "b"matches /Achaval$/,
#^^ source.data-weave meta.objectliteral.dw
#  ^ source.data-weave meta.objectliteral.dw meta.object.member.dw
#   ^ source.data-weave meta.objectliteral.dw meta.object.member.dw meta.object-literal.key.dw punctuation.separator.key-value.dw
#    ^ source.data-weave meta.objectliteral.dw meta.object.member.dw
#     ^ source.data-weave meta.objectliteral.dw meta.object.member.dw string.quoted.double.dw punctuation.definition.string.begin.dw
#      ^ source.data-weave meta.objectliteral.dw meta.object.member.dw string.quoted.double.dw
#       ^ source.data-weave meta.objectliteral.dw meta.object.member.dw string.quoted.double.dw punctuation.definition.string.end.dw
#        ^^^^^^^ source.data-weave meta.objectliteral.dw meta.object.member.dw variable.other.dw
#               ^ source.data-weave meta.objectliteral.dw meta.object.member.dw string.regexp.dw
#                ^ source.data-weave meta.objectliteral.dw meta.object.member.dw string.regexp.dw punctuation.definition.string.begin.dw
#                 ^^^^^^^ source.data-weave meta.objectliteral.dw meta.object.member.dw string.regexp.dw
#                        ^ source.data-weave meta.objectliteral.dw meta.object.member.dw string.regexp.dw keyword.control.anchor.regexp
#                         ^ source.data-weave meta.objectliteral.dw meta.object.member.dw string.regexp.dw punctuation.definition.string.end.dw
#                          ^ source.data-weave meta.objectliteral.dw punctuation.separator.comma.dw
>  a1: "b"matches/Achaval$/,
#^^ source.data-weave meta.objectliteral.dw
#  ^^ source.data-weave meta.objectliteral.dw meta.object.member.dw
#    ^ source.data-weave meta.objectliteral.dw meta.object.member.dw meta.object-literal.key.dw punctuation.separator.key-value.dw
#     ^ source.data-weave meta.objectliteral.dw meta.object.member.dw
#      ^ source.data-weave meta.objectliteral.dw meta.object.member.dw string.quoted.double.dw punctuation.definition.string.begin.dw
#       ^ source.data-weave meta.objectliteral.dw meta.object.member.dw string.quoted.double.dw
#        ^ source.data-weave meta.objectliteral.dw meta.object.member.dw string.quoted.double.dw punctuation.definition.string.end.dw
#         ^^^^^^^ source.data-weave meta.objectliteral.dw meta.object.member.dw variable.other.dw
#                ^ source.data-weave meta.objectliteral.dw meta.object.member.dw string.regexp.dw punctuation.definition.string.begin.dw
#                 ^^^^^^^ source.data-weave meta.objectliteral.dw meta.object.member.dw string.regexp.dw
#                        ^ source.data-weave meta.objectliteral.dw meta.object.member.dw string.regexp.dw keyword.control.anchor.regexp
#                         ^ source.data-weave meta.objectliteral.dw meta.object.member.dw string.regexp.dw punctuation.definition.string.end.dw
#                          ^ source.data-weave meta.objectliteral.dw punctuation.separator.comma.dw
>  c: /asd/matches/asd/
#^^ source.data-weave meta.objectliteral.dw
#  ^ source.data-weave meta.objectliteral.dw meta.object.member.dw
#   ^ source.data-weave meta.objectliteral.dw meta.object.member.dw meta.object-literal.key.dw punctuation.separator.key-value.dw
#    ^ source.data-weave meta.objectliteral.dw meta.object.member.dw
#     ^ source.data-weave meta.objectliteral.dw meta.object.member.dw keyword.operator.arithmetic.dw
#      ^^^ source.data-weave meta.objectliteral.dw meta.object.member.dw variable.other.dw
#         ^ source.data-weave meta.objectliteral.dw meta.object.member.dw keyword.operator.arithmetic.dw
#          ^^^^^^^ source.data-weave meta.objectliteral.dw meta.object.member.dw variable.other.dw
#                 ^ source.data-weave meta.objectliteral.dw meta.object.member.dw string.regexp.dw punctuation.definition.string.begin.dw
#                  ^^^ source.data-weave meta.objectliteral.dw meta.object.member.dw string.regexp.dw
#                     ^ source.data-weave meta.objectliteral.dw meta.object.member.dw string.regexp.dw punctuation.definition.string.end.dw
>}
#^ source.data-weave meta.objectliteral.dw punctuation.definition.block.dw